PASS lib/__tests__/profileValidation.test.ts
  calculateAge
    ✓ يحسب العمر بالسنوات المكتملة بعد مرور عيد الميلاد (2 ms)
    ✓ ينقص سنة إذا لم يمرّ عيد الميلاد بعد في السنة المرجعية
    ✓ يعطي 0 لمولود خلال السنة نفسها (1 ms)
    ✓ يقبل كائن Date كمدخل
    ✓ يرجع NaN لتاريخ غير صالح (1 ms)
  isAdult — الحالات الحدّية للعمر
    ✓ يقبل من عمره 18 سنة بالضبط اليوم
    ✓ يرفض من ينقصه يوم واحد ليبلغ 18 (يبلغ غداً) (1 ms)
    ✓ يقبل من تجاوز 18 بوضوح
    ✓ يرفض التواريخ غير الصالحة
  validateBirthDate
    ✓ يقبل عمر 18 بالضبط
    ✓ يرفض عمراً أقل من 18 برسالة عربية (1 ms)
    ✓ يرفض التاريخ الفارغ
    ✓ يرفض التاريخ غير الصالح
    ✓ يرفض تاريخ ميلاد مستقبلي (1 ms)
  validatePhone
    ✓ يقبل الصيغة السعودية المحلية 05XXXXXXXX
    ✓ يقبل الصيغة السعودية الدولية +9665XXXXXXXX (1 ms)
    ✓ يقبل صيغة E.164 دولية عامة
    ✓ يطبّع المسافات والشرطات والأقواس (1 ms)
    ✓ يقبل الأرقام العربية الهندية
    ✓ يرفض الأرقام القصيرة أو الطويلة جداً
    ✓ يرفض القيم الفارغة أو غير الرقمية
  خاصية فرض حد العمر (Property 3)
    ✓ isAdult تتفق دائماً مع شرط العمر ≥ 18 (17 ms)

Test Suites: 1 passed, 1 total
Tests:       22 passed, 22 total
Snapshots:   0 total
Time:        0.423 s, estimated 1 s
Ran all test suites matching /lib\/__tests__\/profileValidation.test.ts/i.
